MongoDB connected: 127.0.0.1/ServiceTeam
Server is running on http://127.0.0.1:5000
Bot is running with the new advanced workflow!
[0mGET /api/health/db [32m200[0m 9.820 ms - 62[0m
[0mGET /api/onsite/sites [32m200[0m 43.875 ms - 14992[0m
[0mGET /api/health/db [32m200[0m 2.454 ms - 62[0m
[0mGET /favicon.ico [33m404[0m 0.893 ms - 32[0m
[0mGET /api/health/db [36m304[0m 2.741 ms - -[0m
[0mGET /api/onsite/sites [32m200[0m 43.933 ms - 14992[0m
[0mGET /api/onsite/employees [32m200[0m 34.999 ms - 1791[0m
[0mGET /api/onsite/equipment [32m200[0m 41.888 ms - 2[0m
[0mGET /api/onsite/sites [36m304[0m 155.764 ms - -[0m
[0mGET /api/onsite/employees [36m304[0m 139.865 ms - -[0m
[0mGET /api/onsite/records?page=1&limit=50 [32m200[0m 227.806 ms - 35313[0m
[0mGET /api/onsite/equipment [36m304[0m 163.811 ms - -[0m
[0mGET /api/onsite/records?page=1&limit=50 [36m304[0m 99.665 ms - -[0m
[0mGET /api/onsite/records?page=2&limit=50 [36m304[0m 41.429 ms - -[0m
[0mGET /api/onsite/records?page=3&limit=50 [32m200[0m 49.521 ms - 35839[0m
[0mGET /api/onsite/records?page=4&limit=50 [32m200[0m 27.329 ms - 33694[0m
[0mGET /api/onsite/sites [36m304[0m 12.035 ms - -[0m
[0mGET /api/onsite/equipment [36m304[0m 7.490 ms - -[0m
[0mGET /api/onsite/employees [36m304[0m 12.003 ms - -[0m
[0mGET /api/onsite/sites [36m304[0m 41.708 ms - -[0m
[0mGET /api/onsite/equipment [36m304[0m 33.239 ms - -[0m
[0mGET /api/onsite/records?page=1&limit=50 [36m304[0m 56.672 ms - -[0m
[0mGET /api/onsite/employees [36m304[0m 18.727 ms - -[0m
[0mGET /api/onsite/records?page=1&limit=50 [36m304[0m 38.255 ms - -[0m
[0mGET /api/case-support [36m304[0m 35.430 ms - -[0m
[0mGET /api/onsite/employees [36m304[0m 14.088 ms - -[0m
[0mGET /api/onsite/sites [36m304[0m 27.907 ms - -[0m
[0mGET /api/case-support [36m304[0m 14.901 ms - -[0m
[0mGET /api/onsite/employees [36m304[0m 10.165 ms - -[0m
[0mGET /api/onsite/sites [36m304[0m 22.105 ms - -[0m
[0mGET /api/onsite/employees [36m304[0m 12.252 ms - -[0m
[0mGET /api/onsite/equipment [36m304[0m 15.154 ms - -[0m
[0mGET /api/onsite/sites [36m304[0m 30.052 ms - -[0m
[0mGET /api/onsite/employees [36m304[0m 18.650 ms - -[0m
[0mGET /api/onsite/equipment [36m304[0m 23.877 ms - -[0m
[0mGET /api/onsite/records?page=1&limit=50 [36m304[0m 62.016 ms - -[0m
[0mGET /api/onsite/sites [36m304[0m 29.991 ms - -[0m
[0mGET /api/onsite/records?page=1&limit=50 [36m304[0m 36.363 ms - -[0m
[0mGET /api/onsite/employees [36m304[0m 6.782 ms - -[0m
[0mGET /api/onsite/equipment [36m304[0m 222.787 ms - -[0m
[0mGET /api/onsite/sites [36m304[0m 232.804 ms - -[0m
[0mGET /api/onsite/employees [36m304[0m 21.807 ms - -[0m
[0mGET /api/onsite/records?page=1&limit=50 [36m304[0m 266.748 ms - -[0m
[0mGET /api/onsite/equipment [36m304[0m 32.874 ms - -[0m
[0mGET /api/onsite/sites [36m304[0m 26.017 ms - -[0m
[0mGET /api/onsite/records?page=1&limit=50 [36m304[0m 34.820 ms - -[0m
[0mGET /api/product [36m304[0m 7.438 ms - -[0m
[0mGET /api/product [36m304[0m 3.563 ms - -[0m
[0mGET /api/onsite/employees [36m304[0m 10.236 ms - -[0m
[0mGET /api/onsite/equipment [36m304[0m 11.600 ms - -[0m
[0mGET /api/onsite/sites [36m304[0m 25.093 ms - -[0m
[0mGET /api/onsite/employees [36m304[0m 17.658 ms - -[0m
[0mGET /api/onsite/equipment [36m304[0m 22.252 ms - -[0m
[0mGET /api/onsite/records?page=1&limit=50 [36m304[0m 56.222 ms - -[0m
[0mGET /api/onsite/sites [36m304[0m 27.615 ms - -[0m
[0mGET /api/onsite/records?page=1&limit=50 [36m304[0m 34.053 ms - -[0m
[0mGET /api/case-support [36m304[0m 6.267 ms - -[0m
[0mGET /api/onsite/sites [36m304[0m 15.239 ms - -[0m
[0mGET /api/case-support [36m304[0m 13.949 ms - -[0m
[0mGET /api/onsite/employees [36m304[0m 27.807 ms - -[0m
[0mGET /api/onsite/sites [36m304[0m 205.810 ms - -[0m
[0mGET /api/onsite/employees [36m304[0m 3.507 ms - -[0m
[0mOPTIONS /api/case-support [32m204[0m 1.087 ms - 0[0m
[0mPOST /api/case-support [32m201[0m 353.726 ms - 573[0m
[0mGET /api/case-support [32m200[0m 4.894 ms - 575[0m
[0mOPTIONS /api/case-support/6a9c3c8478c34ca8d52813fc/status [32m204[0m 0.325 ms - 0[0m
[0mPATCH /api/case-support/6a9c3c8478c34ca8d52813fc/status [32m200[0m 25.517 ms - 572[0m
[0mPATCH /api/case-support/6a9c3c8478c34ca8d52813fc/status [32m200[0m 3.293 ms - 551[0m
[0mOPTIONS /api/case-support/6a9c3c8478c34ca8d52813fc/status [32m204[0m 0.256 ms - 0[0m
[0mPATCH /api/case-support/6a9c3c8478c34ca8d52813fc/status [32m200[0m 11.825 ms - 579[0m
[0mGET /api/case-support [32m200[0m 3.882 ms - 581[0m
[0mGET /api/onsite/employees [36m304[0m 6.113 ms - -[0m
[0mGET /api/onsite/sites [36m304[0m 20.437 ms - -[0m
[0mGET /api/case-support [36m304[0m 13.538 ms - -[0m
[0mGET /api/onsite/employees [36m304[0m 16.688 ms - -[0m
[0mGET /api/onsite/sites [36m304[0m 15.265 ms - -[0m
[0mGET /api/case-support [36m304[0m 5.334 ms - -[0m
[0mGET /api/onsite/employees [36m304[0m 9.375 ms - -[0m
[0mGET /api/onsite/sites [36m304[0m 17.665 ms - -[0m
[0mGET /api/case-support [36m304[0m 10.590 ms - -[0m
[0mGET /api/onsite/employees [36m304[0m 12.829 ms - -[0m
[0mGET /api/onsite/sites [36m304[0m 29.610 ms - -[0m
[0mGET /api/case-support [36m304[0m 16.809 ms - -[0m
[0mGET /api/onsite/employees [36m304[0m 21.115 ms - -[0m
[0mGET /api/onsite/sites [36m304[0m 22.741 ms - -[0m
